IND 0
KEY DATASET
IND 4
KEY FOR SERVICE
VAR skycoin
IND 4
KEY FOR STACK
VAR skyfiber
KEY DEFINE AUTH
VAR rest_csrf
KEY AS
STR "skyauth"
IND 8
KEY SET
STR "url"
KEY TO
STR "/api/v1/csrf"
IND 8
KEY SET
STR "method"
KEY TO
STR "GET"
IND 8
KEY SET
STR "header"
KEY TO
STR "X-CSRF-Token"
IND 8
KEY SET
STR "json_path"
KEY TO
STR "csrf_token"
KEY GET
VAR forward_metrics
KEY FROM
STR '/api/v2/metrics'
IND 8
KEY SET
STR "prefix"
KEY TO
STR "skycoinexample"
KEY GET
VAR rest_api
KEY FROM
STR '/api/v1/health'
IND 8
KEY SET
STR "auth"
KEY TO
STR "skyauth"
IND 8
KEY EXTRACT USING
STR "jsonpath"
IND 12
KEY METRIC
IND 16
KEY NAME
STR "skycoin_auth_csrf_enabled"
IND 16
KEY TYPE
KEY GAUGE
IND 16
KEY SET
STR "path"
KEY TO
STR "csrf_enabled"
DED 12
KEY METRIC
IND 16
KEY NAME
STR "skycoin_blockchain_burn_factor"
IND 16
KEY TYPE
KEY COUNTER
IND 16
KEY SET
STR "path"
KEY TO
STR "user_verify_transaction.burn_factor"
DED 12
KEY METRIC
IND 16
KEY NAME
STR "skycoin_blockchain_block_head"
IND 16
KEY TYPE
KEY COUNTER
IND 16
KEY SET
STR "path"
KEY TO
STR "blockchain.head.seq"
KEY GET
VAR rest_api
STR '/api/v1/network/connections'
DED 8
KEY SET
STR "auth"
KEY TO
STR "skyauth"
IND 8
KEY EXTRACT USING
STR "jsonpath"
IND 12
KEY METRIC
IND 16
KEY NAME
STR "skycoin_pex_connections"
IND 16
KEY TYPE
KEY COUNTER
IND 16
KEY LABELS
STR "state"
STR "outgoing"
STR "listen_port"
STR "user_agent"
IND 23
STR "is_trusted"
STR "burn_factor"
STR "max_txn_size"
IND 23
STR "max_decimals"
STR "height"
DED 16
KEY SET
STR "path"
KEY TO
STR "connections[*]"
IND 16
KEY SET
STR "label_path:is_trusted"
KEY TO
STR "is_trusted_peer"
IND 16
KEY SET
STR "label_path:burn_factor"
KEY TO
STR "unconfirmed_verify_transaction.burn_factor"
IND 16
KEY SET
STR "label_path:max_txn_size"
KEY TO
STR "unconfirmed_verify_transaction.max_transaction_size"
IND 16
KEY SET
STR "label_path:max_decimals"
KEY TO
STR "unconfirmed_verify_transaction.max_decimals"
